// Jest Snapshot v1, https://goo.gl/fbAQLP

exports[`Logout renders a snapshot properly 1`] = `
<Router
  history={
    Object {
      "action": "POP",
      "block": [Function],
      "canGo": [Function],
      "createHref": [Function],
      "entries": Array [
        Object {
          "hash": "",
          "key": "nn9mqp",
          "pathname": "/",
          "search": "",
          "state": undefined,
        },
      ],
      "go": [Function],
      "goBack": [Function],
      "goForward": [Function],
      "index": 0,
      "length": 1,
      "listen": [Function],
      "location": Object {
        "hash": "",
        "key": "nn9mqp",
        "pathname": "/",
        "search": "",
        "state": undefined,
      },
      "push": [Function],
      "replace": [Function],
    }
  }
>
  <Logout
    logoutUser={
      [MockFunction] {
        "calls": Array [
          Array [],
        ],
        "results": Array [
          Object {
            "type": "return",
            "value": undefined,
          },
        ],
      }
    }
  />
</Router>
`;
